Parsed input: { "biff\u0000": null, "\u0000zxcvbnm": 178 }
Result is `json_type_object`
Expected keys ("biff\u0000" and "\u0000zxcvbnm") present with expected values
Key deleted properly
PASS
