new_obj.to_string()={ "foo\u0000bar": "qwerty\u0000asdf" }
