JSON write result is correct: " \u0000 "
PASS
Re-parsed object string len=8, chars=[32, 92, 117, 48, 48, 48, 48, 32]
