PASS CASE 0
PASS CASE 1
PASS CASE 2
PASS CASE 3
PASS CASE 4
PASS CASE 5
PASS CASE 6
PASS CASE 7
PASS CASE 8
PASS CASE 9
PASS CASE 10
PASS CASE 11
PASS CASE 12
